// Jest Snapshot v1, https://goo.gl/fbAQLP

exports[`<DisplayError/> displays the error message given 1`] = `
<DisplayError
  error={
    Object {
      "error": "simple error message",
    }
  }
/>
`;
